════════════════════════════════════════════════════════════════════════
PyCodeFlow Stresstest Log
Versie     : 2026.2.6.3
Test type  : autocheck
Gestart    : 2026-05-20T06:00:00.326Z
Host RAM   : 26273MB vrij / 31871MB totaal
Load avg   : 0.51 / 0.35 / 0.26
════════════════════════════════════════════════════════════════════════
[2026-05-20 06:00:00.002] [INFO] Controleer runner /health endpoint...
[2026-05-20 06:00:00.007] [OK] Runner health: OK
[2026-05-20 06:00:00.007] [INFO] Controleer /api/version...
[2026-05-20 06:00:00.007] [OK] Web API OK — versie 2026.2.6.3
[2026-05-20 06:00:00.007] [INFO] Start test-run: print("OK")...
[2026-05-20 06:00:00.325] [OK] Basis run: OK (318ms)
[2026-05-20 06:00:00.326] [INFO] RUN_RATE_LIMIT_MS = 3000ms (verwacht ≥ 1000ms)
[2026-05-20 06:00:00.326] [OK] Rate limit: 3000ms
[2026-05-20 06:00:00.326] [OK] Host RAM: 26273MB vrij van 31871MB
[2026-05-20 06:00:00.326] [OK] Actieve sessies: 1
────────────────────────────────────────────────────────────────────────
SAMENVATTING
────────────────────────────────────────────────────────────────────────
Resultaat  : 6/6 (100%)
Oordeel    : ✅ GESLAAGD
════════════════════════════════════════════════════════════════════════