════════════════════════════════════════════════════════════════════════
PyCodeFlow Stresstest Log
Versie     : 2026.2.8.2
Test type  : autocheck
Gestart    : 2026-06-23T06:00:00.331Z
Host RAM   : 25532MB vrij / 31871MB totaal
Load avg   : 1.02 / 0.61 / 0.40
════════════════════════════════════════════════════════════════════════
[2026-06-23 06:00:00.010] [INFO] Controleer runner /health endpoint...
[2026-06-23 06:00:00.014] [OK] Runner health: OK
[2026-06-23 06:00:00.014] [INFO] Controleer /api/version...
[2026-06-23 06:00:00.014] [OK] Web API OK — versie 2026.2.8.2
[2026-06-23 06:00:00.014] [INFO] Start test-run: print("OK")...
[2026-06-23 06:00:00.330] [OK] Basis run: OK (316ms)
[2026-06-23 06:00:00.330] [INFO] RUN_RATE_LIMIT_MS = 3000ms (verwacht ≥ 1000ms)
[2026-06-23 06:00:00.330] [OK] Rate limit: 3000ms
[2026-06-23 06:00:00.331] [OK] Host RAM: 25532MB vrij van 31871MB
[2026-06-23 06:00:00.331] [OK] Actieve sessies: 1
────────────────────────────────────────────────────────────────────────
SAMENVATTING
────────────────────────────────────────────────────────────────────────
Resultaat  : 6/6 (100%)
Oordeel    : ✅ GESLAAGD
════════════════════════════════════════════════════════════════════════