════════════════════════════════════════════════════════════════════════
PyCodeFlow Stresstest Log
Versie     : 2026.2.8.2
Test type  : autocheck
Gestart    : 2026-06-15T06:00:00.331Z
Host RAM   : 25612MB vrij / 31871MB totaal
Load avg   : 0.30 / 0.21 / 0.19
════════════════════════════════════════════════════════════════════════
[2026-06-15 06:00:00.003] [INFO] Controleer runner /health endpoint...
[2026-06-15 06:00:00.008] [OK] Runner health: OK
[2026-06-15 06:00:00.008] [INFO] Controleer /api/version...
[2026-06-15 06:00:00.008] [OK] Web API OK — versie 2026.2.8.2
[2026-06-15 06:00:00.008] [INFO] Start test-run: print("OK")...
[2026-06-15 06:00:00.330] [OK] Basis run: OK (322ms)
[2026-06-15 06:00:00.330] [INFO] RUN_RATE_LIMIT_MS = 3000ms (verwacht ≥ 1000ms)
[2026-06-15 06:00:00.330] [OK] Rate limit: 3000ms
[2026-06-15 06:00:00.330] [OK] Host RAM: 25612MB vrij van 31871MB
[2026-06-15 06:00:00.330] [OK] Actieve sessies: 0
────────────────────────────────────────────────────────────────────────
SAMENVATTING
────────────────────────────────────────────────────────────────────────
Resultaat  : 6/6 (100%)
Oordeel    : ✅ GESLAAGD
════════════════════════════════════════════════════════════════════════