════════════════════════════════════════════════════════════════════════
PyCodeFlow Stresstest Log
Versie     : 2026.2.7.6
Test type  : autocheck
Gestart    : 2026-06-02T06:00:00.329Z
Host RAM   : 25713MB vrij / 31871MB totaal
Load avg   : 0.03 / 0.12 / 0.20
════════════════════════════════════════════════════════════════════════
[2026-06-02 06:00:00.002] [INFO] Controleer runner /health endpoint...
[2026-06-02 06:00:00.010] [OK] Runner health: OK
[2026-06-02 06:00:00.010] [INFO] Controleer /api/version...
[2026-06-02 06:00:00.010] [OK] Web API OK — versie 2026.2.7.6
[2026-06-02 06:00:00.010] [INFO] Start test-run: print("OK")...
[2026-06-02 06:00:00.328] [OK] Basis run: OK (318ms)
[2026-06-02 06:00:00.328] [INFO] RUN_RATE_LIMIT_MS = 3000ms (verwacht ≥ 1000ms)
[2026-06-02 06:00:00.328] [OK] Rate limit: 3000ms
[2026-06-02 06:00:00.329] [OK] Host RAM: 25713MB vrij van 31871MB
[2026-06-02 06:00:00.329] [OK] Actieve sessies: 1
────────────────────────────────────────────────────────────────────────
SAMENVATTING
────────────────────────────────────────────────────────────────────────
Resultaat  : 6/6 (100%)
Oordeel    : ✅ GESLAAGD
════════════════════════════════════════════════════════════════════════