════════════════════════════════════════════════════════════════════════
PyCodeFlow Stresstest Log
Versie     : 2026.2.8.2
Test type  : autocheck
Gestart    : 2026-06-09T06:00:00.333Z
Host RAM   : 25665MB vrij / 31871MB totaal
Load avg   : 0.05 / 0.13 / 0.16
════════════════════════════════════════════════════════════════════════
[2026-06-09 06:00:00.004] [INFO] Controleer runner /health endpoint...
[2026-06-09 06:00:00.009] [OK] Runner health: OK
[2026-06-09 06:00:00.009] [INFO] Controleer /api/version...
[2026-06-09 06:00:00.009] [OK] Web API OK — versie 2026.2.8.2
[2026-06-09 06:00:00.009] [INFO] Start test-run: print("OK")...
[2026-06-09 06:00:00.332] [OK] Basis run: OK (323ms)
[2026-06-09 06:00:00.332] [INFO] RUN_RATE_LIMIT_MS = 3000ms (verwacht ≥ 1000ms)
[2026-06-09 06:00:00.332] [OK] Rate limit: 3000ms
[2026-06-09 06:00:00.332] [OK] Host RAM: 25665MB vrij van 31871MB
[2026-06-09 06:00:00.332] [OK] Actieve sessies: 0
────────────────────────────────────────────────────────────────────────
SAMENVATTING
────────────────────────────────────────────────────────────────────────
Resultaat  : 6/6 (100%)
Oordeel    : ✅ GESLAAGD
════════════════════════════════════════════════════════════════════════