════════════════════════════════════════════════════════════════════════
PyCodeFlow Stresstest Log
Versie     : 2026.2.8.2
Test type  : autocheck
Gestart    : 2026-06-14T06:00:00.327Z
Host RAM   : 25676MB vrij / 31871MB totaal
Load avg   : 0.16 / 0.23 / 0.25
════════════════════════════════════════════════════════════════════════
[2026-06-14 06:00:00.005] [INFO] Controleer runner /health endpoint...
[2026-06-14 06:00:00.010] [OK] Runner health: OK
[2026-06-14 06:00:00.010] [INFO] Controleer /api/version...
[2026-06-14 06:00:00.010] [OK] Web API OK — versie 2026.2.8.2
[2026-06-14 06:00:00.010] [INFO] Start test-run: print("OK")...
[2026-06-14 06:00:00.326] [OK] Basis run: OK (316ms)
[2026-06-14 06:00:00.326] [INFO] RUN_RATE_LIMIT_MS = 3000ms (verwacht ≥ 1000ms)
[2026-06-14 06:00:00.326] [OK] Rate limit: 3000ms
[2026-06-14 06:00:00.327] [OK] Host RAM: 25676MB vrij van 31871MB
[2026-06-14 06:00:00.327] [OK] Actieve sessies: 0
────────────────────────────────────────────────────────────────────────
SAMENVATTING
────────────────────────────────────────────────────────────────────────
Resultaat  : 6/6 (100%)
Oordeel    : ✅ GESLAAGD
════════════════════════════════════════════════════════════════════════