════════════════════════════════════════════════════════════════════════
PyCodeFlow Stresstest Log
Versie     : 2026.2.4.3
Test type  : aangepast
Gestart    : 2026-05-17T17:12:44.034Z
Host RAM   : 26458MB vrij / 31871MB totaal
Load avg   : 1.04 / 0.45 / 0.36
════════════════════════════════════════════════════════════════════════
[2026-05-17 17:12:30.622] [INFO] === Stresstest gestart: aangepast ===
[2026-05-17 17:12:30.622] [INFO] Systeem: 26528MB vrij RAM, load 0.24
[2026-05-17 17:12:30.623] [INFO] --- Aangepaste test: 25 runs, 5×20 sessies ---
[2026-05-17 17:12:30.623] [INFO] Start runner capaciteitstest: 25 gelijktijdige runs
[2026-05-17 17:12:31.674] [OK] Capaciteit: 25/25 OK | gem 706ms | max 1038ms | totaal 1047ms
[2026-05-17 17:12:31.679] [INFO] Runner na test — actief: 0, wachtrij: 0
[2026-05-17 17:12:31.679] [INFO] Multi-sessie test: 5 sessies × 20 runs
[2026-05-17 17:12:31.680] [INFO] Wegwerpsessie aangemaakt: SR6TGZ
[2026-05-17 17:12:31.680] [INFO] Wegwerpsessie aangemaakt: YGX5XK
[2026-05-17 17:12:31.680] [INFO] Wegwerpsessie aangemaakt: 5S6HRP
[2026-05-17 17:12:31.680] [INFO] Wegwerpsessie aangemaakt: HWEW9C
[2026-05-17 17:12:31.680] [INFO] Wegwerpsessie aangemaakt: EF9HJK
[2026-05-17 17:12:44.033] [INFO] Wegwerpsessie verwijderd: SR6TGZ
[2026-05-17 17:12:44.033] [INFO] Wegwerpsessie verwijderd: YGX5XK
[2026-05-17 17:12:44.033] [INFO] Wegwerpsessie verwijderd: 5S6HRP
[2026-05-17 17:12:44.033] [INFO] Wegwerpsessie verwijderd: HWEW9C
[2026-05-17 17:12:44.033] [INFO] Wegwerpsessie verwijderd: EF9HJK
[2026-05-17 17:12:44.034] [WARN] Multi-sessie: 74/100 OK in 12353ms
[2026-05-17 17:12:44.034] [OK] Cleanup: OK
[2026-05-17 17:12:44.034] [FAIL] === Klaar: 3/4 OK (75%) in 13.4s ===
────────────────────────────────────────────────────────────────────────
SAMENVATTING
────────────────────────────────────────────────────────────────────────
Resultaat  : 3/4 checks geslaagd (75%)
Duur       : 13.4s
Oordeel    : ❌ GEFAALD
════════════════════════════════════════════════════════════════════════