════════════════════════════════════════════════════════════════════════
PyCodeFlow Stresstest Log
Versie     : 2026.2.7.6
Test type  : rate-limit
Gestart    : 2026-05-21T08:59:40.093Z
Host RAM   : 26207MB vrij / 31871MB totaal
Load avg   : 0.23 / 0.29 / 0.27
════════════════════════════════════════════════════════════════════════
[2026-05-21 08:59:39.978] [INFO] === Stresstest gestart: rate-limit ===
[2026-05-21 08:59:39.978] [INFO] Systeem: 26207MB vrij RAM, load 0.23
[2026-05-21 08:59:39.978] [INFO] --- Rate limit verificatie ---
[2026-05-21 08:59:39.978] [INFO] Rate limit verificatie: twee snelle run_requests naar dezelfde socket
[2026-05-21 08:59:40.093] [PASS] Rate limiting werkt correct — tweede run geblokkeerd
[2026-05-21 08:59:40.093] [OK] === Klaar: 1/1 OK (100%) in 0.1s ===
────────────────────────────────────────────────────────────────────────
SAMENVATTING
────────────────────────────────────────────────────────────────────────
Resultaat  : 1/1 checks geslaagd (100%)
Duur       : 0.1s
Oordeel    : ✅ GESLAAGD
════════════════════════════════════════════════════════════════════════