════════════════════════════════════════════════════════════════════════
PyCodeFlow Stresstest Log
Versie     : 2026.2.4.3
Test type  : rate-limit
Gestart    : 2026-05-17T17:12:09.364Z
Host RAM   : 26530MB vrij / 31871MB totaal
Load avg   : 0.24 / 0.27 / 0.30
════════════════════════════════════════════════════════════════════════
[2026-05-17 17:12:09.241] [INFO] === Stresstest gestart: rate-limit ===
[2026-05-17 17:12:09.241] [INFO] Systeem: 26531MB vrij RAM, load 0.24
[2026-05-17 17:12:09.241] [INFO] --- Rate limit verificatie ---
[2026-05-17 17:12:09.241] [INFO] Rate limit verificatie: twee snelle run_requests naar dezelfde socket
[2026-05-17 17:12:09.364] [PASS] Rate limiting werkt correct — tweede run geblokkeerd
[2026-05-17 17:12:09.364] [OK] === Klaar: 1/1 OK (100%) in 0.1s ===
────────────────────────────────────────────────────────────────────────
SAMENVATTING
────────────────────────────────────────────────────────────────────────
Resultaat  : 1/1 checks geslaagd (100%)
Duur       : 0.1s
Oordeel    : ✅ GESLAAGD
════════════════════════════════════════════════════════════════════════