════════════════════════════════════════════════════════════════════════
PyCodeFlow Stresstest Log
Versie     : 2026.2.7.6
Test type  : autocheck
Gestart    : 2026-06-06T06:00:00.325Z
Host RAM   : 25690MB vrij / 31871MB totaal
Load avg   : 0.33 / 0.32 / 0.29
════════════════════════════════════════════════════════════════════════
[2026-06-06 06:00:00.004] [INFO] Controleer runner /health endpoint...
[2026-06-06 06:00:00.007] [OK] Runner health: OK
[2026-06-06 06:00:00.007] [INFO] Controleer /api/version...
[2026-06-06 06:00:00.007] [OK] Web API OK — versie 2026.2.7.6
[2026-06-06 06:00:00.007] [INFO] Start test-run: print("OK")...
[2026-06-06 06:00:00.325] [OK] Basis run: OK (318ms)
[2026-06-06 06:00:00.325] [INFO] RUN_RATE_LIMIT_MS = 3000ms (verwacht ≥ 1000ms)
[2026-06-06 06:00:00.325] [OK] Rate limit: 3000ms
[2026-06-06 06:00:00.325] [OK] Host RAM: 25690MB vrij van 31871MB
[2026-06-06 06:00:00.325] [OK] Actieve sessies: 1
────────────────────────────────────────────────────────────────────────
SAMENVATTING
────────────────────────────────────────────────────────────────────────
Resultaat  : 6/6 (100%)
Oordeel    : ✅ GESLAAGD
════════════════════════════════════════════════════════════════════════