════════════════════════════════════════════════════════════════════════
PyCodeFlow Stresstest Log
Versie     : 2026.2.8.2
Test type  : autocheck
Gestart    : 2026-06-20T06:00:00.328Z
Host RAM   : 25571MB vrij / 31871MB totaal
Load avg   : 0.40 / 0.30 / 0.26
════════════════════════════════════════════════════════════════════════
[2026-06-20 06:00:00.005] [INFO] Controleer runner /health endpoint...
[2026-06-20 06:00:00.010] [OK] Runner health: OK
[2026-06-20 06:00:00.010] [INFO] Controleer /api/version...
[2026-06-20 06:00:00.010] [OK] Web API OK — versie 2026.2.8.2
[2026-06-20 06:00:00.010] [INFO] Start test-run: print("OK")...
[2026-06-20 06:00:00.327] [OK] Basis run: OK (317ms)
[2026-06-20 06:00:00.327] [INFO] RUN_RATE_LIMIT_MS = 3000ms (verwacht ≥ 1000ms)
[2026-06-20 06:00:00.327] [OK] Rate limit: 3000ms
[2026-06-20 06:00:00.327] [OK] Host RAM: 25571MB vrij van 31871MB
[2026-06-20 06:00:00.327] [OK] Actieve sessies: 1
────────────────────────────────────────────────────────────────────────
SAMENVATTING
────────────────────────────────────────────────────────────────────────
Resultaat  : 6/6 (100%)
Oordeel    : ✅ GESLAAGD
════════════════════════════════════════════════════════════════════════