════════════════════════════════════════════════════════════════════════
PyCodeFlow Stresstest Log
Versie     : 2026.1.39.0
Test type  : volledig
Gestart    : 2026-05-16T20:57:28.834Z
Host RAM   : 27240MB vrij / 31871MB totaal
Load avg   : 0.69 / 0.53 / 0.39
════════════════════════════════════════════════════════════════════════
[2026-05-16 20:57:12.752] [INFO] === Stresstest gestart: volledig ===
[2026-05-16 20:57:12.752] [INFO] Systeem: 27264MB vrij RAM, load 0.43
[2026-05-16 20:57:12.752] [INFO] --- Gezondheidscheck ---
[2026-05-16 20:57:12.752] [INFO] Controleer runner /health endpoint...
[2026-05-16 20:57:12.756] [OK] Runner health: OK
[2026-05-16 20:57:12.756] [INFO] Controleer /api/version...
[2026-05-16 20:57:12.756] [OK] Web API OK — versie 2026.1.39.0
[2026-05-16 20:57:12.756] [INFO] Start test-run: print("OK")...
[2026-05-16 20:57:13.075] [OK] Basis run: OK (319ms)
[2026-05-16 20:57:13.075] [INFO] RUN_RATE_LIMIT_MS = 3000ms (verwacht ≥ 1000ms)
[2026-05-16 20:57:13.075] [OK] Rate limit: 3000ms
[2026-05-16 20:57:13.075] [OK] Host RAM: 27263MB vrij van 31871MB
[2026-05-16 20:57:13.076] [OK] Actieve sessies: 0
[2026-05-16 20:57:13.076] [INFO] --- Runner capaciteit (25x) ---
[2026-05-16 20:57:13.076] [INFO] Start runner capaciteitstest: 25 gelijktijdige runs
[2026-05-16 20:57:14.136] [OK] Capaciteit: 25/25 OK | gem 687ms | max 1044ms | totaal 1056ms
[2026-05-16 20:57:14.139] [INFO] Runner na test — actief: 0, wachtrij: 0
[2026-05-16 20:57:14.139] [INFO] --- Sandbox verificatie ---
[2026-05-16 20:57:14.139] [INFO] Test: import os
[2026-05-16 20:57:14.456] [OK] import os: OK (317ms)
[2026-05-16 20:57:14.456] [INFO] Test: import subprocess
[2026-05-16 20:57:14.773] [OK] import subprocess: OK (317ms)
[2026-05-16 20:57:14.773] [INFO] Test: import socket
[2026-05-16 20:57:15.089] [OK] import socket: OK (316ms)
[2026-05-16 20:57:15.090] [INFO] Test: import shutil
[2026-05-16 20:57:15.407] [OK] import shutil: OK (317ms)
[2026-05-16 20:57:15.407] [INFO] Test: CPU tijdslimiet
[2026-05-16 20:57:27.565] [OK] CPU tijdslimiet: OK (12158ms)
[2026-05-16 20:57:27.565] [INFO] Test: Geldige code
[2026-05-16 20:57:27.879] [OK] Geldige code: OK (314ms)
[2026-05-16 20:57:27.880] [INFO] Test: Wiskundige operatie
[2026-05-16 20:57:28.197] [OK] Wiskundige operatie: OK (317ms)
[2026-05-16 20:57:28.198] [INFO] --- Multi-sessie (3×10) ---
[2026-05-16 20:57:28.198] [INFO] Multi-sessie test: 3 sessies × 10 runs
[2026-05-16 20:57:28.198] [INFO] Wegwerpsessie aangemaakt: 9GPBWV
[2026-05-16 20:57:28.198] [INFO] Wegwerpsessie aangemaakt: TWGPZJ
[2026-05-16 20:57:28.198] [INFO] Wegwerpsessie aangemaakt: 5T5BWW
[2026-05-16 20:57:28.834] [INFO] Wegwerpsessie verwijderd: 9GPBWV
[2026-05-16 20:57:28.834] [INFO] Wegwerpsessie verwijderd: TWGPZJ
[2026-05-16 20:57:28.834] [INFO] Wegwerpsessie verwijderd: 5T5BWW
[2026-05-16 20:57:28.834] [OK] Multi-sessie: 30/30 OK in 636ms
[2026-05-16 20:57:28.834] [OK] Cleanup: OK
[2026-05-16 20:57:28.834] [OK] === Klaar: 17/17 OK (100%) in 16.1s ===
────────────────────────────────────────────────────────────────────────
SAMENVATTING
────────────────────────────────────────────────────────────────────────
Resultaat  : 17/17 checks geslaagd (100%)
Duur       : 16.1s
Oordeel    : ✅ GESLAAGD

Vergelijking met vorige run:
Gem. run-duur: 687ms (0% vs 0 min geleden)
Geslaagde runs: 25 (was 25)
════════════════════════════════════════════════════════════════════════