════════════════════════════════════════════════════════════════════════
PyCodeFlow Stresstest Log
Versie     : 2026.2.7.6
Test type  : autocheck
Gestart    : 2026-05-22T06:00:00.340Z
Host RAM   : 26301MB vrij / 31871MB totaal
Load avg   : 0.27 / 0.35 / 0.27
════════════════════════════════════════════════════════════════════════
[2026-05-22 06:00:00.010] [INFO] Controleer runner /health endpoint...
[2026-05-22 06:00:00.015] [OK] Runner health: OK
[2026-05-22 06:00:00.015] [INFO] Controleer /api/version...
[2026-05-22 06:00:00.015] [OK] Web API OK — versie 2026.2.7.6
[2026-05-22 06:00:00.015] [INFO] Start test-run: print("OK")...
[2026-05-22 06:00:00.339] [OK] Basis run: OK (324ms)
[2026-05-22 06:00:00.339] [INFO] RUN_RATE_LIMIT_MS = 3000ms (verwacht ≥ 1000ms)
[2026-05-22 06:00:00.339] [OK] Rate limit: 3000ms
[2026-05-22 06:00:00.339] [OK] Host RAM: 26301MB vrij van 31871MB
[2026-05-22 06:00:00.339] [OK] Actieve sessies: 4
────────────────────────────────────────────────────────────────────────
SAMENVATTING
────────────────────────────────────────────────────────────────────────
Resultaat  : 6/6 (100%)
Oordeel    : ✅ GESLAAGD
════════════════════════════════════════════════════════════════════════