════════════════════════════════════════════════════════════════════════
PyCodeFlow Stresstest Log
Versie     : 2026.2.8.2
Test type  : autocheck
Gestart    : 2026-06-24T06:00:00.326Z
Host RAM   : 25494MB vrij / 31871MB totaal
Load avg   : 0.18 / 0.22 / 0.19
════════════════════════════════════════════════════════════════════════
[2026-06-24 06:00:00.005] [INFO] Controleer runner /health endpoint...
[2026-06-24 06:00:00.009] [OK] Runner health: OK
[2026-06-24 06:00:00.009] [INFO] Controleer /api/version...
[2026-06-24 06:00:00.009] [OK] Web API OK — versie 2026.2.8.2
[2026-06-24 06:00:00.009] [INFO] Start test-run: print("OK")...
[2026-06-24 06:00:00.325] [OK] Basis run: OK (316ms)
[2026-06-24 06:00:00.325] [INFO] RUN_RATE_LIMIT_MS = 3000ms (verwacht ≥ 1000ms)
[2026-06-24 06:00:00.325] [OK] Rate limit: 3000ms
[2026-06-24 06:00:00.325] [OK] Host RAM: 25494MB vrij van 31871MB
[2026-06-24 06:00:00.325] [OK] Actieve sessies: 1
────────────────────────────────────────────────────────────────────────
SAMENVATTING
────────────────────────────────────────────────────────────────────────
Resultaat  : 6/6 (100%)
Oordeel    : ✅ GESLAAGD
════════════════════════════════════════════════════════════════════════