════════════════════════════════════════════════════════════════════════
PyCodeFlow Stresstest Log
Versie     : 2026.1.39.0
Test type  : sandbox
Gestart    : 2026-05-16T20:56:32.830Z
Host RAM   : 27223MB vrij / 31871MB totaal
Load avg   : 0.68 / 0.52 / 0.38
════════════════════════════════════════════════════════════════════════
[2026-05-16 20:56:18.915] [INFO] === Stresstest gestart: sandbox ===
[2026-05-16 20:56:18.915] [INFO] Systeem: 27238MB vrij RAM, load 0.36
[2026-05-16 20:56:18.915] [INFO] --- Sandbox verificatie ---
[2026-05-16 20:56:18.915] [INFO] Test: import os
[2026-05-16 20:56:19.235] [OK] import os: OK (319ms)
[2026-05-16 20:56:19.235] [INFO] Test: import subprocess
[2026-05-16 20:56:19.552] [OK] import subprocess: OK (317ms)
[2026-05-16 20:56:19.552] [INFO] Test: import socket
[2026-05-16 20:56:19.871] [OK] import socket: OK (319ms)
[2026-05-16 20:56:19.871] [INFO] Test: import shutil
[2026-05-16 20:56:20.188] [OK] import shutil: OK (317ms)
[2026-05-16 20:56:20.188] [INFO] Test: CPU tijdslimiet
[2026-05-16 20:56:32.196] [OK] CPU tijdslimiet: OK (12008ms)
[2026-05-16 20:56:32.196] [INFO] Test: Geldige code
[2026-05-16 20:56:32.511] [OK] Geldige code: OK (315ms)
[2026-05-16 20:56:32.511] [INFO] Test: Wiskundige operatie
[2026-05-16 20:56:32.829] [OK] Wiskundige operatie: OK (318ms)
[2026-05-16 20:56:32.830] [OK] === Klaar: 7/7 OK (100%) in 13.9s ===
────────────────────────────────────────────────────────────────────────
SAMENVATTING
────────────────────────────────────────────────────────────────────────
Resultaat  : 7/7 checks geslaagd (100%)
Duur       : 13.9s
Oordeel    : ✅ GESLAAGD
════════════════════════════════════════════════════════════════════════