════════════════════════════════════════════════════════════════════════
PyCodeFlow Stresstest Log
Versie     : 2026.2.8.2
Test type  : autocheck
Gestart    : 2026-06-16T06:00:00.323Z
Host RAM   : 25607MB vrij / 31871MB totaal
Load avg   : 0.47 / 0.24 / 0.21
════════════════════════════════════════════════════════════════════════
[2026-06-16 06:00:00.002] [INFO] Controleer runner /health endpoint...
[2026-06-16 06:00:00.006] [OK] Runner health: OK
[2026-06-16 06:00:00.006] [INFO] Controleer /api/version...
[2026-06-16 06:00:00.006] [OK] Web API OK — versie 2026.2.8.2
[2026-06-16 06:00:00.006] [INFO] Start test-run: print("OK")...
[2026-06-16 06:00:00.323] [OK] Basis run: OK (317ms)
[2026-06-16 06:00:00.323] [INFO] RUN_RATE_LIMIT_MS = 3000ms (verwacht ≥ 1000ms)
[2026-06-16 06:00:00.323] [OK] Rate limit: 3000ms
[2026-06-16 06:00:00.323] [OK] Host RAM: 25607MB vrij van 31871MB
[2026-06-16 06:00:00.323] [OK] Actieve sessies: 0
────────────────────────────────────────────────────────────────────────
SAMENVATTING
────────────────────────────────────────────────────────────────────────
Resultaat  : 6/6 (100%)
Oordeel    : ✅ GESLAAGD
════════════════════════════════════════════════════════════════════════