════════════════════════════════════════════════════════════════════════
PyCodeFlow Stresstest Log
Versie     : 2026.2.8.2
Test type  : autocheck
Gestart    : 2026-06-17T06:00:00.331Z
Host RAM   : 25666MB vrij / 31871MB totaal
Load avg   : 0.32 / 0.30 / 0.31
════════════════════════════════════════════════════════════════════════
[2026-06-17 06:00:00.009] [INFO] Controleer runner /health endpoint...
[2026-06-17 06:00:00.013] [OK] Runner health: OK
[2026-06-17 06:00:00.013] [INFO] Controleer /api/version...
[2026-06-17 06:00:00.013] [OK] Web API OK — versie 2026.2.8.2
[2026-06-17 06:00:00.013] [INFO] Start test-run: print("OK")...
[2026-06-17 06:00:00.330] [OK] Basis run: OK (317ms)
[2026-06-17 06:00:00.330] [INFO] RUN_RATE_LIMIT_MS = 3000ms (verwacht ≥ 1000ms)
[2026-06-17 06:00:00.330] [OK] Rate limit: 3000ms
[2026-06-17 06:00:00.330] [OK] Host RAM: 25666MB vrij van 31871MB
[2026-06-17 06:00:00.330] [OK] Actieve sessies: 0
────────────────────────────────────────────────────────────────────────
SAMENVATTING
────────────────────────────────────────────────────────────────────────
Resultaat  : 6/6 (100%)
Oordeel    : ✅ GESLAAGD
════════════════════════════════════════════════════════════════════════