════════════════════════════════════════════════════════════════════════
PyCodeFlow Stresstest Log
Versie     : 2026.2.6.3
Test type  : autocheck
Gestart    : 2026-05-19T06:00:00.326Z
Host RAM   : 26361MB vrij / 31871MB totaal
Load avg   : 0.13 / 0.14 / 0.17
════════════════════════════════════════════════════════════════════════
[2026-05-19 06:00:00.003] [INFO] Controleer runner /health endpoint...
[2026-05-19 06:00:00.007] [OK] Runner health: OK
[2026-05-19 06:00:00.007] [INFO] Controleer /api/version...
[2026-05-19 06:00:00.007] [OK] Web API OK — versie 2026.2.6.3
[2026-05-19 06:00:00.007] [INFO] Start test-run: print("OK")...
[2026-05-19 06:00:00.325] [OK] Basis run: OK (318ms)
[2026-05-19 06:00:00.325] [INFO] RUN_RATE_LIMIT_MS = 3000ms (verwacht ≥ 1000ms)
[2026-05-19 06:00:00.325] [OK] Rate limit: 3000ms
[2026-05-19 06:00:00.326] [OK] Host RAM: 26361MB vrij van 31871MB
[2026-05-19 06:00:00.326] [OK] Actieve sessies: 0
────────────────────────────────────────────────────────────────────────
SAMENVATTING
────────────────────────────────────────────────────────────────────────
Resultaat  : 6/6 (100%)
Oordeel    : ✅ GESLAAGD
════════════════════════════════════════════════════════════════════════