════════════════════════════════════════════════════════════════════════
PyCodeFlow Stresstest Log
Versie     : 2026.2.6.1
Test type  : autocheck
Gestart    : 2026-05-18T06:00:00.334Z
Host RAM   : 26481MB vrij / 31871MB totaal
Load avg   : 0.24 / 0.24 / 0.25
════════════════════════════════════════════════════════════════════════
[2026-05-18 06:00:00.005] [INFO] Controleer runner /health endpoint...
[2026-05-18 06:00:00.008] [OK] Runner health: OK
[2026-05-18 06:00:00.008] [INFO] Controleer /api/version...
[2026-05-18 06:00:00.008] [OK] Web API OK — versie 2026.2.6.1
[2026-05-18 06:00:00.008] [INFO] Start test-run: print("OK")...
[2026-05-18 06:00:00.333] [OK] Basis run: OK (325ms)
[2026-05-18 06:00:00.333] [INFO] RUN_RATE_LIMIT_MS = 3000ms (verwacht ≥ 1000ms)
[2026-05-18 06:00:00.333] [OK] Rate limit: 3000ms
[2026-05-18 06:00:00.333] [OK] Host RAM: 26481MB vrij van 31871MB
[2026-05-18 06:00:00.333] [OK] Actieve sessies: 0
────────────────────────────────────────────────────────────────────────
SAMENVATTING
────────────────────────────────────────────────────────────────────────
Resultaat  : 6/6 (100%)
Oordeel    : ✅ GESLAAGD
════════════════════════════════════════════════════════════════════════