════════════════════════════════════════════════════════════════════════
PyCodeFlow Stresstest Log
Versie     : 2026.2.7.6
Test type  : autocheck
Gestart    : 2026-05-21T06:00:00.329Z
Host RAM   : 26303MB vrij / 31871MB totaal
Load avg   : 0.19 / 0.26 / 0.26
════════════════════════════════════════════════════════════════════════
[2026-05-21 06:00:00.003] [INFO] Controleer runner /health endpoint...
[2026-05-21 06:00:00.008] [OK] Runner health: OK
[2026-05-21 06:00:00.008] [INFO] Controleer /api/version...
[2026-05-21 06:00:00.008] [OK] Web API OK — versie 2026.2.7.6
[2026-05-21 06:00:00.008] [INFO] Start test-run: print("OK")...
[2026-05-21 06:00:00.328] [OK] Basis run: OK (320ms)
[2026-05-21 06:00:00.328] [INFO] RUN_RATE_LIMIT_MS = 3000ms (verwacht ≥ 1000ms)
[2026-05-21 06:00:00.328] [OK] Rate limit: 3000ms
[2026-05-21 06:00:00.328] [OK] Host RAM: 26303MB vrij van 31871MB
[2026-05-21 06:00:00.328] [OK] Actieve sessies: 4
────────────────────────────────────────────────────────────────────────
SAMENVATTING
────────────────────────────────────────────────────────────────────────
Resultaat  : 6/6 (100%)
Oordeel    : ✅ GESLAAGD
════════════════════════════════════════════════════════════════════════