════════════════════════════════════════════════════════════════════════
PyCodeFlow Stresstest Log
Versie     : 2026.2.8.0
Test type  : autocheck
Gestart    : 2026-06-07T06:00:00.327Z
Host RAM   : 25696MB vrij / 31871MB totaal
Load avg   : 0.28 / 0.47 / 0.38
════════════════════════════════════════════════════════════════════════
[2026-06-07 06:00:00.004] [INFO] Controleer runner /health endpoint...
[2026-06-07 06:00:00.007] [OK] Runner health: OK
[2026-06-07 06:00:00.007] [INFO] Controleer /api/version...
[2026-06-07 06:00:00.007] [OK] Web API OK — versie 2026.2.8.0
[2026-06-07 06:00:00.007] [INFO] Start test-run: print("OK")...
[2026-06-07 06:00:00.326] [OK] Basis run: OK (319ms)
[2026-06-07 06:00:00.326] [INFO] RUN_RATE_LIMIT_MS = 3000ms (verwacht ≥ 1000ms)
[2026-06-07 06:00:00.326] [OK] Rate limit: 3000ms
[2026-06-07 06:00:00.326] [OK] Host RAM: 25696MB vrij van 31871MB
[2026-06-07 06:00:00.326] [OK] Actieve sessies: 10
────────────────────────────────────────────────────────────────────────
SAMENVATTING
────────────────────────────────────────────────────────────────────────
Resultaat  : 6/6 (100%)
Oordeel    : ✅ GESLAAGD
════════════════════════════════════════════════════════════════════════