════════════════════════════════════════════════════════════════════════
PyCodeFlow Stresstest Log
Versie     : 2026.2.7.6
Test type  : websocket
Gestart    : 2026-05-21T08:59:24.967Z
Host RAM   : 26206MB vrij / 31871MB totaal
Load avg   : 0.29 / 0.30 / 0.28
════════════════════════════════════════════════════════════════════════
[2026-05-21 08:59:23.885] [INFO] === Stresstest gestart: websocket ===
[2026-05-21 08:59:23.885] [INFO] Systeem: 26227MB vrij RAM, load 0.23
[2026-05-21 08:59:23.885] [INFO] --- WebSocket belastingstest (25 clients) ---
[2026-05-21 08:59:23.885] [INFO] WebSocket belastingstest: 25 gelijktijdige clients
[2026-05-21 08:59:23.885] [INFO] Wegwerpsessie aangemaakt: WNX3J6
[2026-05-21 08:59:24.967] [PASS] 25/25 clients OK | connect p50=112ms p95=159ms | run p50=739ms | uitvallers=0
[2026-05-21 08:59:24.967] [OK] === Klaar: 25/25 OK (100%) in 1.1s ===
────────────────────────────────────────────────────────────────────────
SAMENVATTING
────────────────────────────────────────────────────────────────────────
Resultaat  : 25/25 checks geslaagd (100%)
Duur       : 1.1s
Oordeel    : ✅ GESLAAGD
════════════════════════════════════════════════════════════════════════