════════════════════════════════════════════════════════════════════════
PyCodeFlow Stresstest Log
Versie     : 2026.2.7.6
Test type  : volledig
Gestart    : 2026-05-21T08:51:05.802Z
Host RAM   : 26165MB vrij / 31871MB totaal
Load avg   : 0.28 / 0.24 / 0.25
════════════════════════════════════════════════════════════════════════
[2026-05-21 08:50:48.257] [INFO] === Stresstest gestart: volledig ===
[2026-05-21 08:50:48.257] [INFO] Systeem: 26228MB vrij RAM, load 0.11
[2026-05-21 08:50:48.257] [INFO] --- Gezondheidscheck ---
[2026-05-21 08:50:48.258] [INFO] Controleer runner /health endpoint...
[2026-05-21 08:50:48.261] [OK] Runner health: OK
[2026-05-21 08:50:48.261] [INFO] Controleer /api/version...
[2026-05-21 08:50:48.261] [OK] Web API OK — versie 2026.2.7.6
[2026-05-21 08:50:48.261] [INFO] Start test-run: print("OK")...
[2026-05-21 08:50:48.579] [OK] Basis run: OK (318ms)
[2026-05-21 08:50:48.579] [INFO] RUN_RATE_LIMIT_MS = 3000ms (verwacht ≥ 1000ms)
[2026-05-21 08:50:48.579] [OK] Rate limit: 3000ms
[2026-05-21 08:50:48.580] [OK] Host RAM: 26230MB vrij van 31871MB
[2026-05-21 08:50:48.580] [OK] Actieve sessies: 1
[2026-05-21 08:50:48.580] [INFO] --- Runner capaciteit (20x) ---
[2026-05-21 08:50:48.580] [INFO] Start runner capaciteitstest: 20 gelijktijdige runs
[2026-05-21 08:50:49.458] [OK] Capaciteit: 20/20 OK | gem 643ms | max 867ms | totaal 875ms
[2026-05-21 08:50:49.462] [INFO] Runner na test — actief: 0, wachtrij: 0
[2026-05-21 08:50:49.462] [INFO] --- Sandbox verificatie ---
[2026-05-21 08:50:49.462] [INFO] Test: import os
[2026-05-21 08:50:49.782] [OK] import os: OK (319ms)
[2026-05-21 08:50:49.782] [INFO] Test: import subprocess
[2026-05-21 08:50:50.102] [OK] import subprocess: OK (320ms)
[2026-05-21 08:50:50.102] [INFO] Test: import socket
[2026-05-21 08:50:50.421] [OK] import socket: OK (318ms)
[2026-05-21 08:50:50.421] [INFO] Test: import shutil
[2026-05-21 08:50:50.741] [OK] import shutil: OK (320ms)
[2026-05-21 08:50:50.741] [INFO] Test: CPU tijdslimiet
[2026-05-21 08:51:02.887] [OK] CPU tijdslimiet: OK (12146ms)
[2026-05-21 08:51:02.887] [INFO] Test: Geldige code
[2026-05-21 08:51:03.201] [OK] Geldige code: OK (314ms)
[2026-05-21 08:51:03.201] [INFO] Test: Wiskundige operatie
[2026-05-21 08:51:03.520] [OK] Wiskundige operatie: OK (319ms)
[2026-05-21 08:51:03.520] [INFO] --- Multi-sessie (4×15) ---
[2026-05-21 08:51:03.520] [INFO] Multi-sessie test: 4 sessies × 15 runs
[2026-05-21 08:51:03.521] [INFO] Wegwerpsessie aangemaakt: X53YWV
[2026-05-21 08:51:03.521] [INFO] Wegwerpsessie aangemaakt: TWUJ7K
[2026-05-21 08:51:03.521] [INFO] Wegwerpsessie aangemaakt: UFKAB2
[2026-05-21 08:51:03.521] [INFO] Wegwerpsessie aangemaakt: WGDNKX
[2026-05-21 08:51:04.517] [INFO] Wegwerpsessie verwijderd: X53YWV
[2026-05-21 08:51:04.517] [INFO] Wegwerpsessie verwijderd: TWUJ7K
[2026-05-21 08:51:04.517] [INFO] Wegwerpsessie verwijderd: UFKAB2
[2026-05-21 08:51:04.517] [INFO] Wegwerpsessie verwijderd: WGDNKX
[2026-05-21 08:51:04.517] [OK] Multi-sessie: 60/60 OK in 996ms
[2026-05-21 08:51:04.517] [OK] Cleanup: OK
[2026-05-21 08:51:04.517] [INFO] --- WebSocket belastingstest ---
[2026-05-21 08:51:04.534] [INFO] WebSocket belastingstest: 15 gelijktijdige clients
[2026-05-21 08:51:04.534] [INFO] Wegwerpsessie aangemaakt: 8Y7CSX
[2026-05-21 08:51:05.512] [PASS] 15/15 clients OK | connect p50=89ms p95=123ms | run p50=760ms | uitvallers=0
[2026-05-21 08:51:05.513] [INFO] --- Rate limit verificatie ---
[2026-05-21 08:51:05.513] [INFO] Rate limit verificatie: twee snelle run_requests naar dezelfde socket
[2026-05-21 08:51:05.628] [PASS] Rate limiting werkt correct — tweede run geblokkeerd
[2026-05-21 08:51:05.628] [INFO] --- HTTP endpoint benchmark ---
[2026-05-21 08:51:05.629] [INFO] HTTP endpoint benchmark (20 verzoeken per endpoint)
[2026-05-21 08:51:05.688] [PASS] GET /api/monitoring: p50=2ms p95=10ms
[2026-05-21 08:51:05.718] [PASS] GET /api/sessions: p50=2ms p95=2ms
[2026-05-21 08:51:05.730] [PASS] GET /health: p50=1ms p95=2ms
[2026-05-21 08:51:05.802] [PASS] POST /api/syntax-check-student: p50=3ms p95=7ms
[2026-05-21 08:51:05.802] [OK] === Klaar: 37/37 OK (100%) in 17.5s ===
────────────────────────────────────────────────────────────────────────
SAMENVATTING
────────────────────────────────────────────────────────────────────────
Resultaat  : 37/37 checks geslaagd (100%)
Duur       : 17.5s
Oordeel    : ✅ GESLAAGD

Vergelijking met vorige run:
Gem. run-duur: 643ms (0% vs 0 min geleden)
Geslaagde runs: 20 (was 20)
════════════════════════════════════════════════════════════════════════