════════════════════════════════════════════════════════════════════════
PyCodeFlow Stresstest Log
Versie     : 2026.2.4.2
Test type  : rate-limit
Gestart    : 2026-05-17T16:35:22.172Z
Host RAM   : 26500MB vrij / 31871MB totaal
Load avg   : 0.42 / 0.31 / 0.32
════════════════════════════════════════════════════════════════════════
[2026-05-17 16:35:22.028] [INFO] === Stresstest gestart: rate-limit ===
[2026-05-17 16:35:22.028] [INFO] Systeem: 26500MB vrij RAM, load 0.42
[2026-05-17 16:35:22.028] [INFO] --- Rate limit verificatie ---
[2026-05-17 16:35:22.046] [INFO] Rate limit verificatie: twee snelle run_requests naar dezelfde socket
[2026-05-17 16:35:22.171] [PASS] Rate limiting werkt correct — tweede run geblokkeerd
[2026-05-17 16:35:22.172] [OK] === Klaar: 1/1 OK (100%) in 0.1s ===
────────────────────────────────────────────────────────────────────────
SAMENVATTING
────────────────────────────────────────────────────────────────────────
Resultaat  : 1/1 checks geslaagd (100%)
Duur       : 0.1s
Oordeel    : ✅ GESLAAGD
════════════════════════════════════════════════════════════════════════