════════════════════════════════════════════════════════════════════════
PyCodeFlow Stresstest Log
Versie     : 2026.2.7.6
Test type  : autocheck
Gestart    : 2026-05-28T06:00:00.325Z
Host RAM   : 25845MB vrij / 31871MB totaal
Load avg   : 0.40 / 0.37 / 0.29
════════════════════════════════════════════════════════════════════════
[2026-05-28 06:00:00.001] [INFO] Controleer runner /health endpoint...
[2026-05-28 06:00:00.006] [OK] Runner health: OK
[2026-05-28 06:00:00.006] [INFO] Controleer /api/version...
[2026-05-28 06:00:00.006] [OK] Web API OK — versie 2026.2.7.6
[2026-05-28 06:00:00.006] [INFO] Start test-run: print("OK")...
[2026-05-28 06:00:00.324] [OK] Basis run: OK (318ms)
[2026-05-28 06:00:00.324] [INFO] RUN_RATE_LIMIT_MS = 3000ms (verwacht ≥ 1000ms)
[2026-05-28 06:00:00.324] [OK] Rate limit: 3000ms
[2026-05-28 06:00:00.325] [OK] Host RAM: 25845MB vrij van 31871MB
[2026-05-28 06:00:00.325] [OK] Actieve sessies: 0
────────────────────────────────────────────────────────────────────────
SAMENVATTING
────────────────────────────────────────────────────────────────────────
Resultaat  : 6/6 (100%)
Oordeel    : ✅ GESLAAGD
════════════════════════════════════════════════════════════════════════