════════════════════════════════════════════════════════════════════════
PyCodeFlow Stresstest Log
Versie     : 2026.2.7.6
Test type  : autocheck
Gestart    : 2026-06-01T06:00:00.333Z
Host RAM   : 25767MB vrij / 31871MB totaal
Load avg   : 0.40 / 0.32 / 0.32
════════════════════════════════════════════════════════════════════════
[2026-06-01 06:00:00.010] [INFO] Controleer runner /health endpoint...
[2026-06-01 06:00:00.015] [OK] Runner health: OK
[2026-06-01 06:00:00.015] [INFO] Controleer /api/version...
[2026-06-01 06:00:00.015] [OK] Web API OK — versie 2026.2.7.6
[2026-06-01 06:00:00.015] [INFO] Start test-run: print("OK")...
[2026-06-01 06:00:00.332] [OK] Basis run: OK (317ms)
[2026-06-01 06:00:00.332] [INFO] RUN_RATE_LIMIT_MS = 3000ms (verwacht ≥ 1000ms)
[2026-06-01 06:00:00.332] [OK] Rate limit: 3000ms
[2026-06-01 06:00:00.333] [OK] Host RAM: 25767MB vrij van 31871MB
[2026-06-01 06:00:00.333] [OK] Actieve sessies: 1
────────────────────────────────────────────────────────────────────────
SAMENVATTING
────────────────────────────────────────────────────────────────────────
Resultaat  : 6/6 (100%)
Oordeel    : ✅ GESLAAGD
════════════════════════════════════════════════════════════════════════