════════════════════════════════════════════════════════════════════════
PyCodeFlow Stresstest Log
Versie     : 2026.2.8.2
Test type  : autocheck
Gestart    : 2026-06-13T06:00:00.325Z
Host RAM   : 25653MB vrij / 31871MB totaal
Load avg   : 0.26 / 0.30 / 0.27
════════════════════════════════════════════════════════════════════════
[2026-06-13 06:00:00.002] [INFO] Controleer runner /health endpoint...
[2026-06-13 06:00:00.007] [OK] Runner health: OK
[2026-06-13 06:00:00.008] [INFO] Controleer /api/version...
[2026-06-13 06:00:00.008] [OK] Web API OK — versie 2026.2.8.2
[2026-06-13 06:00:00.008] [INFO] Start test-run: print("OK")...
[2026-06-13 06:00:00.325] [OK] Basis run: OK (317ms)
[2026-06-13 06:00:00.325] [INFO] RUN_RATE_LIMIT_MS = 3000ms (verwacht ≥ 1000ms)
[2026-06-13 06:00:00.325] [OK] Rate limit: 3000ms
[2026-06-13 06:00:00.325] [OK] Host RAM: 25653MB vrij van 31871MB
[2026-06-13 06:00:00.325] [OK] Actieve sessies: 0
────────────────────────────────────────────────────────────────────────
SAMENVATTING
────────────────────────────────────────────────────────────────────────
Resultaat  : 6/6 (100%)
Oordeel    : ✅ GESLAAGD
════════════════════════════════════════════════════════════════════════