════════════════════════════════════════════════════════════════════════
PyCodeFlow Stresstest Log
Versie     : 2026.2.8.2
Test type  : autocheck
Gestart    : 2026-06-22T06:00:00.328Z
Host RAM   : 25402MB vrij / 31871MB totaal
Load avg   : 0.12 / 0.38 / 0.40
════════════════════════════════════════════════════════════════════════
[2026-06-22 06:00:00.002] [INFO] Controleer runner /health endpoint...
[2026-06-22 06:00:00.007] [OK] Runner health: OK
[2026-06-22 06:00:00.007] [INFO] Controleer /api/version...
[2026-06-22 06:00:00.007] [OK] Web API OK — versie 2026.2.8.2
[2026-06-22 06:00:00.007] [INFO] Start test-run: print("OK")...
[2026-06-22 06:00:00.327] [OK] Basis run: OK (320ms)
[2026-06-22 06:00:00.327] [INFO] RUN_RATE_LIMIT_MS = 3000ms (verwacht ≥ 1000ms)
[2026-06-22 06:00:00.327] [OK] Rate limit: 3000ms
[2026-06-22 06:00:00.328] [OK] Host RAM: 25402MB vrij van 31871MB
[2026-06-22 06:00:00.328] [OK] Actieve sessies: 1
────────────────────────────────────────────────────────────────────────
SAMENVATTING
────────────────────────────────────────────────────────────────────────
Resultaat  : 6/6 (100%)
Oordeel    : ✅ GESLAAGD
════════════════════════════════════════════════════════════════════════