════════════════════════════════════════════════════════════════════════
PyCodeFlow Stresstest Log
Versie     : 2026.2.7.6
Test type  : autocheck
Gestart    : 2026-05-27T06:00:00.324Z
Host RAM   : 25822MB vrij / 31871MB totaal
Load avg   : 0.39 / 0.35 / 0.32
════════════════════════════════════════════════════════════════════════
[2026-05-27 06:00:00.003] [INFO] Controleer runner /health endpoint...
[2026-05-27 06:00:00.006] [OK] Runner health: OK
[2026-05-27 06:00:00.006] [INFO] Controleer /api/version...
[2026-05-27 06:00:00.006] [OK] Web API OK — versie 2026.2.7.6
[2026-05-27 06:00:00.006] [INFO] Start test-run: print("OK")...
[2026-05-27 06:00:00.323] [OK] Basis run: OK (317ms)
[2026-05-27 06:00:00.323] [INFO] RUN_RATE_LIMIT_MS = 3000ms (verwacht ≥ 1000ms)
[2026-05-27 06:00:00.323] [OK] Rate limit: 3000ms
[2026-05-27 06:00:00.323] [OK] Host RAM: 25822MB vrij van 31871MB
[2026-05-27 06:00:00.323] [OK] Actieve sessies: 0
────────────────────────────────────────────────────────────────────────
SAMENVATTING
────────────────────────────────────────────────────────────────────────
Resultaat  : 6/6 (100%)
Oordeel    : ✅ GESLAAGD
════════════════════════════════════════════════════════════════════════