════════════════════════════════════════════════════════════════════════
PyCodeFlow Stresstest Log
Versie     : 2026.2.7.6
Test type  : volledig
Gestart    : 2026-05-21T08:53:52.167Z
Host RAM   : 26180MB vrij / 31871MB totaal
Load avg   : 0.78 / 0.41 / 0.31
════════════════════════════════════════════════════════════════════════
[2026-05-21 08:53:23.334] [INFO] === Stresstest gestart: volledig ===
[2026-05-21 08:53:23.334] [INFO] Systeem: 26206MB vrij RAM, load 0.47
[2026-05-21 08:53:23.334] [INFO] --- Gezondheidscheck ---
[2026-05-21 08:53:23.334] [INFO] Controleer runner /health endpoint...
[2026-05-21 08:53:23.339] [OK] Runner health: OK
[2026-05-21 08:53:23.339] [INFO] Controleer /api/version...
[2026-05-21 08:53:23.339] [OK] Web API OK — versie 2026.2.7.6
[2026-05-21 08:53:23.339] [INFO] Start test-run: print("OK")...
[2026-05-21 08:53:23.659] [OK] Basis run: OK (320ms)
[2026-05-21 08:53:23.659] [INFO] RUN_RATE_LIMIT_MS = 3000ms (verwacht ≥ 1000ms)
[2026-05-21 08:53:23.659] [OK] Rate limit: 3000ms
[2026-05-21 08:53:23.659] [OK] Host RAM: 26206MB vrij van 31871MB
[2026-05-21 08:53:23.659] [OK] Actieve sessies: 1
[2026-05-21 08:53:23.659] [INFO] --- Runner capaciteit (25x) ---
[2026-05-21 08:53:23.659] [INFO] Start runner capaciteitstest: 25 gelijktijdige runs
[2026-05-21 08:53:24.719] [OK] Capaciteit: 25/25 OK | gem 714ms | max 1046ms | totaal 1056ms
[2026-05-21 08:53:24.723] [INFO] Runner na test — actief: 0, wachtrij: 0
[2026-05-21 08:53:24.723] [INFO] --- Sandbox verificatie ---
[2026-05-21 08:53:24.723] [INFO] Test: import os
[2026-05-21 08:53:25.043] [OK] import os: OK (319ms)
[2026-05-21 08:53:25.043] [INFO] Test: import subprocess
[2026-05-21 08:53:25.364] [OK] import subprocess: OK (321ms)
[2026-05-21 08:53:25.364] [INFO] Test: import socket
[2026-05-21 08:53:25.684] [OK] import socket: OK (320ms)
[2026-05-21 08:53:25.684] [INFO] Test: import shutil
[2026-05-21 08:53:26.004] [OK] import shutil: OK (320ms)
[2026-05-21 08:53:26.004] [INFO] Test: CPU tijdslimiet
[2026-05-21 08:53:38.010] [OK] CPU tijdslimiet: OK (12006ms)
[2026-05-21 08:53:38.010] [INFO] Test: Geldige code
[2026-05-21 08:53:38.327] [OK] Geldige code: OK (317ms)
[2026-05-21 08:53:38.327] [INFO] Test: Wiskundige operatie
[2026-05-21 08:53:38.648] [OK] Wiskundige operatie: OK (321ms)
[2026-05-21 08:53:38.648] [INFO] --- Multi-sessie (5×20) ---
[2026-05-21 08:53:38.648] [INFO] Multi-sessie test: 5 sessies × 20 runs
[2026-05-21 08:53:38.649] [INFO] Wegwerpsessie aangemaakt: GXW2XV
[2026-05-21 08:53:38.649] [INFO] Wegwerpsessie aangemaakt: SGZAUB
[2026-05-21 08:53:38.649] [INFO] Wegwerpsessie aangemaakt: 2Q3NQC
[2026-05-21 08:53:38.649] [INFO] Wegwerpsessie aangemaakt: AQ67EY
[2026-05-21 08:53:38.649] [INFO] Wegwerpsessie aangemaakt: HQ3RBR
[2026-05-21 08:53:50.905] [INFO] Wegwerpsessie verwijderd: GXW2XV
[2026-05-21 08:53:50.905] [INFO] Wegwerpsessie verwijderd: SGZAUB
[2026-05-21 08:53:50.905] [INFO] Wegwerpsessie verwijderd: 2Q3NQC
[2026-05-21 08:53:50.905] [INFO] Wegwerpsessie verwijderd: AQ67EY
[2026-05-21 08:53:50.905] [INFO] Wegwerpsessie verwijderd: HQ3RBR
[2026-05-21 08:53:50.905] [OK] Multi-sessie: 96/100 OK in 12255ms
[2026-05-21 08:53:50.905] [OK] Cleanup: OK
[2026-05-21 08:53:50.905] [INFO] --- WebSocket belastingstest ---
[2026-05-21 08:53:50.905] [INFO] WebSocket belastingstest: 15 gelijktijdige clients
[2026-05-21 08:53:50.905] [INFO] Wegwerpsessie aangemaakt: 5692CM
[2026-05-21 08:53:51.885] [PASS] 15/15 clients OK | connect p50=74ms p95=110ms | run p50=761ms | uitvallers=0
[2026-05-21 08:53:51.885] [INFO] --- Rate limit verificatie ---
[2026-05-21 08:53:51.885] [INFO] Rate limit verificatie: twee snelle run_requests naar dezelfde socket
[2026-05-21 08:53:51.999] [PASS] Rate limiting werkt correct — tweede run geblokkeerd
[2026-05-21 08:53:51.999] [INFO] --- HTTP endpoint benchmark ---
[2026-05-21 08:53:51.999] [INFO] HTTP endpoint benchmark (20 verzoeken per endpoint)
[2026-05-21 08:53:52.046] [PASS] GET /api/monitoring: p50=2ms p95=8ms
[2026-05-21 08:53:52.076] [PASS] GET /api/sessions: p50=1ms p95=3ms
[2026-05-21 08:53:52.087] [PASS] GET /health: p50=1ms p95=1ms
[2026-05-21 08:53:52.167] [PASS] POST /api/syntax-check-student: p50=4ms p95=7ms
[2026-05-21 08:53:52.167] [OK] === Klaar: 37/37 OK (100%) in 28.8s ===
────────────────────────────────────────────────────────────────────────
SAMENVATTING
────────────────────────────────────────────────────────────────────────
Resultaat  : 37/37 checks geslaagd (100%)
Duur       : 28.8s
Oordeel    : ✅ GESLAAGD

Vergelijking met vorige run:
Gem. run-duur: 714ms (0% vs 0 min geleden)
Geslaagde runs: 25 (was 25)
════════════════════════════════════════════════════════════════════════