════════════════════════════════════════════════════════════════════════
PyCodeFlow Stresstest Log
Versie     : 2026.2.4.2
Test type  : http-benchmark
Gestart    : 2026-05-17T16:35:35.037Z
Host RAM   : 26503MB vrij / 31871MB totaal
Load avg   : 0.43 / 0.32 / 0.32
════════════════════════════════════════════════════════════════════════
[2026-05-17 16:35:34.838] [INFO] === Stresstest gestart: http-benchmark ===
[2026-05-17 16:35:34.838] [INFO] Systeem: 26504MB vrij RAM, load 0.43
[2026-05-17 16:35:34.838] [INFO] --- HTTP endpoint benchmark ---
[2026-05-17 16:35:34.839] [INFO] HTTP endpoint benchmark (20 verzoeken per endpoint)
[2026-05-17 16:35:34.894] [PASS] GET /api/monitoring: p50=2ms p95=9ms
[2026-05-17 16:35:34.934] [PASS] GET /api/sessions: p50=2ms p95=3ms
[2026-05-17 16:35:34.950] [PASS] GET /health: p50=1ms p95=1ms
[2026-05-17 16:35:35.037] [PASS] POST /api/syntax-check-student: p50=4ms p95=8ms
[2026-05-17 16:35:35.037] [OK] === Klaar: 4/4 OK (100%) in 0.2s ===
────────────────────────────────────────────────────────────────────────
SAMENVATTING
────────────────────────────────────────────────────────────────────────
Resultaat  : 4/4 checks geslaagd (100%)
Duur       : 0.2s
Oordeel    : ✅ GESLAAGD
════════════════════════════════════════════════════════════════════════