════════════════════════════════════════════════════════════════════════
PyCodeFlow Stresstest Log
Versie     : 2026.2.4.3
Test type  : http-benchmark
Gestart    : 2026-05-17T17:12:13.637Z
Host RAM   : 26537MB vrij / 31871MB totaal
Load avg   : 0.22 / 0.27 / 0.30
════════════════════════════════════════════════════════════════════════
[2026-05-17 17:12:13.466] [INFO] === Stresstest gestart: http-benchmark ===
[2026-05-17 17:12:13.467] [INFO] Systeem: 26537MB vrij RAM, load 0.22
[2026-05-17 17:12:13.467] [INFO] --- HTTP endpoint benchmark ---
[2026-05-17 17:12:13.468] [INFO] HTTP endpoint benchmark (20 verzoeken per endpoint)
[2026-05-17 17:12:13.523] [PASS] GET /api/monitoring: p50=2ms p95=10ms
[2026-05-17 17:12:13.562] [PASS] GET /api/sessions: p50=2ms p95=3ms
[2026-05-17 17:12:13.578] [PASS] GET /health: p50=1ms p95=1ms
[2026-05-17 17:12:13.637] [PASS] POST /api/syntax-check-student: p50=3ms p95=4ms
[2026-05-17 17:12:13.637] [OK] === Klaar: 4/4 OK (100%) in 0.2s ===
────────────────────────────────────────────────────────────────────────
SAMENVATTING
────────────────────────────────────────────────────────────────────────
Resultaat  : 4/4 checks geslaagd (100%)
Duur       : 0.2s
Oordeel    : ✅ GESLAAGD
════════════════════════════════════════════════════════════════════════