════════════════════════════════════════════════════════════════════════
PyCodeFlow Stresstest Log
Versie     : 2026.2.8.2
Test type  : autocheck
Gestart    : 2026-06-21T06:00:00.332Z
Host RAM   : 25560MB vrij / 31871MB totaal
Load avg   : 0.25 / 0.22 / 0.23
════════════════════════════════════════════════════════════════════════
[2026-06-21 06:00:00.002] [INFO] Controleer runner /health endpoint...
[2026-06-21 06:00:00.008] [OK] Runner health: OK
[2026-06-21 06:00:00.008] [INFO] Controleer /api/version...
[2026-06-21 06:00:00.008] [OK] Web API OK — versie 2026.2.8.2
[2026-06-21 06:00:00.008] [INFO] Start test-run: print("OK")...
[2026-06-21 06:00:00.331] [OK] Basis run: OK (323ms)
[2026-06-21 06:00:00.331] [INFO] RUN_RATE_LIMIT_MS = 3000ms (verwacht ≥ 1000ms)
[2026-06-21 06:00:00.331] [OK] Rate limit: 3000ms
[2026-06-21 06:00:00.332] [OK] Host RAM: 25560MB vrij van 31871MB
[2026-06-21 06:00:00.332] [OK] Actieve sessies: 1
────────────────────────────────────────────────────────────────────────
SAMENVATTING
────────────────────────────────────────────────────────────────────────
Resultaat  : 6/6 (100%)
Oordeel    : ✅ GESLAAGD
════════════════════════════════════════════════════════════════════════