════════════════════════════════════════════════════════════════════════
PyCodeFlow Stresstest Log
Versie     : 2026.2.7.6
Test type  : autocheck
Gestart    : 2026-05-23T06:00:00.333Z
Host RAM   : 25976MB vrij / 31871MB totaal
Load avg   : 0.34 / 0.25 / 0.20
════════════════════════════════════════════════════════════════════════
[2026-05-23 06:00:00.007] [INFO] Controleer runner /health endpoint...
[2026-05-23 06:00:00.012] [OK] Runner health: OK
[2026-05-23 06:00:00.012] [INFO] Controleer /api/version...
[2026-05-23 06:00:00.012] [OK] Web API OK — versie 2026.2.7.6
[2026-05-23 06:00:00.012] [INFO] Start test-run: print("OK")...
[2026-05-23 06:00:00.333] [OK] Basis run: OK (321ms)
[2026-05-23 06:00:00.333] [INFO] RUN_RATE_LIMIT_MS = 3000ms (verwacht ≥ 1000ms)
[2026-05-23 06:00:00.333] [OK] Rate limit: 3000ms
[2026-05-23 06:00:00.333] [OK] Host RAM: 25976MB vrij van 31871MB
[2026-05-23 06:00:00.333] [OK] Actieve sessies: 4
────────────────────────────────────────────────────────────────────────
SAMENVATTING
────────────────────────────────────────────────────────────────────────
Resultaat  : 6/6 (100%)
Oordeel    : ✅ GESLAAGD
════════════════════════════════════════════════════════════════════════