════════════════════════════════════════════════════════════════════════
PyCodeFlow Stresstest Log
Versie     : 2026.2.4.3
Test type  : aangepast
Gestart    : 2026-05-17T17:37:13.869Z
Host RAM   : 26416MB vrij / 31871MB totaal
Load avg   : 0.50 / 0.26 / 0.28
════════════════════════════════════════════════════════════════════════
[2026-05-17 17:37:09.751] [INFO] === Stresstest gestart: aangepast ===
[2026-05-17 17:37:09.751] [INFO] Systeem: 26446MB vrij RAM, load 0.11
[2026-05-17 17:37:09.751] [INFO] --- Aangepaste test: 25 runs, 4×17 sessies ---
[2026-05-17 17:37:09.751] [INFO] Start runner capaciteitstest: 25 gelijktijdige runs
[2026-05-17 17:37:11.566] [OK] Capaciteit: 25/25 OK | gem 1084ms | max 1804ms | totaal 1811ms
[2026-05-17 17:37:11.569] [INFO] Runner na test — actief: 0, wachtrij: 0
[2026-05-17 17:37:11.570] [INFO] Multi-sessie test: 4 sessies × 17 runs
[2026-05-17 17:37:11.570] [INFO] Wegwerpsessie aangemaakt: 5G5Z5E
[2026-05-17 17:37:11.570] [INFO] Wegwerpsessie aangemaakt: U2PHTH
[2026-05-17 17:37:11.570] [INFO] Wegwerpsessie aangemaakt: T32GS6
[2026-05-17 17:37:11.570] [INFO] Wegwerpsessie aangemaakt: L4LU42
[2026-05-17 17:37:13.869] [INFO] Wegwerpsessie verwijderd: 5G5Z5E
[2026-05-17 17:37:13.869] [INFO] Wegwerpsessie verwijderd: U2PHTH
[2026-05-17 17:37:13.869] [INFO] Wegwerpsessie verwijderd: T32GS6
[2026-05-17 17:37:13.869] [INFO] Wegwerpsessie verwijderd: L4LU42
[2026-05-17 17:37:13.869] [OK] Multi-sessie: 68/68 OK in 2298ms
[2026-05-17 17:37:13.869] [OK] Cleanup: OK
[2026-05-17 17:37:13.869] [OK] === Klaar: 4/4 OK (100%) in 4.1s ===
────────────────────────────────────────────────────────────────────────
SAMENVATTING
────────────────────────────────────────────────────────────────────────
Resultaat  : 4/4 checks geslaagd (100%)
Duur       : 4.1s
Oordeel    : ✅ GESLAAGD
════════════════════════════════════════════════════════════════════════