{"ts":"2026-05-18T06:54:50.314Z","name":"Test","class":"3a","runCount":0}
{"ts":"2026-05-18T06:55:25.671Z","name":"Test","class":"3a","runCount":1}
{"ts":"2026-05-18T07:18:06.392Z","name":"Test","class":"3a","runCount":0}
{"ts":"2026-05-18T09:06:18.604Z","name":"Test","class":"3a","runCount":0}
{"ts":"2026-05-19T09:36:10.362Z","name":"Celine","class":"5BW","runCount":0}
{"ts":"2026-05-19T09:38:03.316Z","name":"sofiya","class":"5BW","runCount":0}
{"ts":"2026-05-19T09:48:54.761Z","name":"Filip","class":"5BW","runCount":0}
{"ts":"2026-05-19T09:51:10.550Z","name":"sofiya","class":"5BW","runCount":0}
{"ts":"2026-05-19T10:04:35.647Z","name":"Filip","class":"5BW","runCount":3}
{"ts":"2026-05-19T10:05:05.443Z","name":"Celine","class":"5BW","runCount":2}
{"ts":"2026-05-20T08:30:48.158Z","name":"Sara","class":"3DB","runCount":0}
{"ts":"2026-05-20T08:30:48.592Z","name":"Fida","class":"3DA","runCount":0}
{"ts":"2026-05-20T08:30:53.302Z","name":"Naba","class":"3DA","runCount":0}
{"ts":"2026-05-20T08:30:56.951Z","name":"Hamza","class":"3DB","runCount":0}
{"ts":"2026-05-20T08:31:00.034Z","name":"Imane","class":"3NWa","runCount":0}
{"ts":"2026-05-20T08:31:10.689Z","name":"Basmala","class":"3da","runCount":0}
{"ts":"2026-05-20T08:31:15.928Z","name":"Faroza","class":"3Nw","runCount":0}
{"ts":"2026-05-20T08:31:18.995Z","name":"REEM","class":"3NWB","runCount":0}
{"ts":"2026-05-20T08:31:38.011Z","name":"Zeynep","class":"3Db","runCount":0}
{"ts":"2026-05-20T08:31:56.262Z","name":"Sarah","class":"3DA","runCount":0}
{"ts":"2026-05-20T08:31:59.795Z","name":"Akhunzada.Fereba","class":"3DA","runCount":0}
{"ts":"2026-05-20T08:32:26.142Z","name":"Akhunzada.Fereba","class":"3DA","runCount":0}
{"ts":"2026-05-20T08:33:14.607Z","name":"Fereba","class":"3DB","runCount":0}
{"ts":"2026-05-20T08:37:21.296Z","name":"Hamza","class":"3DB","runCount":1}
{"ts":"2026-05-20T08:37:32.487Z","name":"Hamza","class":"3DB","runCount":1}
{"ts":"2026-05-20T08:41:32.294Z","name":"Zeynep","class":"3Db","runCount":4}
{"ts":"2026-05-20T08:44:10.768Z","name":"Zeynep","class":"3Db","runCount":0}
{"ts":"2026-05-20T08:49:46.983Z","name":"Faroza","class":"3Nw","runCount":9}
{"ts":"2026-05-20T08:50:12.788Z","name":"Fida","class":"3DA","runCount":13}
{"ts":"2026-05-20T08:53:07.079Z","name":"Sara","class":"3DB","runCount":13}
{"ts":"2026-05-20T08:54:05.622Z","name":"Fida","class":"3DA","runCount":4}
{"ts":"2026-05-20T08:55:07.424Z","name":"Sara","class":"3DB","runCount":2}
{"ts":"2026-05-20T08:55:48.375Z","name":"Fereba","class":"3DB","runCount":11}
{"ts":"2026-05-20T08:55:54.825Z","name":"HILO","class":"3DA","runCount":0}
{"ts":"2026-05-20T08:56:27.388Z","name":"Ahlam","class":"3DB","runCount":0}
{"ts":"2026-05-20T09:10:53.790Z","name":"HILO","class":"3DA","runCount":0}
{"ts":"2026-05-20T09:12:41.151Z","name":"Fida","class":"3DA","runCount":5}
{"ts":"2026-05-20T09:13:11.588Z","name":"Hamza","class":"3DB","runCount":3}
{"ts":"2026-05-20T09:13:39.872Z","name":"Imane","class":"3NWa","runCount":15}
{"ts":"2026-05-20T09:13:40.198Z","name":"Naba","class":"3DA","runCount":9}
{"ts":"2026-05-20T09:13:52.847Z","name":"Basmala","class":"3da","runCount":3}
{"ts":"2026-05-20T09:14:04.875Z","name":"Sara","class":"3DB","runCount":8}
{"ts":"2026-05-20T09:14:18.322Z","name":"Zeynep","class":"3Db","runCount":11}
{"ts":"2026-05-20T09:15:10.211Z","name":"Faroza","class":"3Nw","runCount":6}
{"ts":"2026-05-20T09:15:21.136Z","name":"REEM","class":"3NWB","runCount":6}
{"ts":"2026-05-20T09:15:22.833Z","name":"Ahlam","class":"3DB","runCount":1}
{"ts":"2026-05-20T09:15:28.563Z","name":"Sarah","class":"3DA","runCount":25}
{"ts":"2026-05-20T21:01:45.013Z","name":"fds","class":"fds","runCount":0}
{"ts":"2026-05-20T21:13:33.904Z","name":"fds","class":"fds","runCount":2}
{"ts":"2026-05-20T21:25:18.812Z","name":"fds","class":"fds","runCount":0}
{"ts":"2026-05-20T21:25:41.392Z","name":"fds","class":"fds","runCount":1}
{"ts":"2026-05-20T21:25:42.077Z","name":"fds","class":"fds","runCount":0}
{"ts":"2026-05-20T21:26:27.149Z","name":"fds","class":"fds","runCount":0}
{"ts":"2026-05-20T21:36:16.401Z","name":"fds","class":"fds","runCount":5}
{"ts":"2026-05-20T21:36:31.599Z","name":"fds","class":"fds","runCount":0}
{"ts":"2026-05-20T21:37:06.057Z","name":"fds","class":"fds","runCount":1}
{"ts":"2026-05-20T21:37:06.693Z","name":"fds","class":"fds","runCount":0}
{"ts":"2026-05-20T21:37:16.665Z","name":"fds","class":"fds","runCount":0}
{"ts":"2026-05-20T21:42:44.539Z","name":"fds","class":"fds","runCount":0}
{"ts":"2026-05-20T21:43:07.665Z","name":"test","class":"4r","runCount":0}
{"ts":"2026-05-20T21:43:48.653Z","name":"test","class":"4r","runCount":1}
{"ts":"2026-05-20T21:48:44.437Z","name":"test","class":"4r","runCount":1}
{"ts":"2026-05-21T05:46:19.041Z","name":"fds","class":"fds","runCount":0}
{"ts":"2026-05-21T05:46:53.420Z","name":"fds","class":"fds","runCount":1}
{"ts":"2026-05-21T05:46:54.056Z","name":"fds","class":"fds","runCount":0}
{"ts":"2026-05-21T05:47:39.100Z","name":"fds","class":"fds","runCount":0}
{"ts":"2026-05-21T05:47:39.320Z","name":"fds","class":"fds","runCount":0}
{"ts":"2026-05-21T05:47:39.476Z","name":"fds","class":"fds","runCount":0}
{"ts":"2026-05-21T05:47:39.658Z","name":"fds","class":"fds","runCount":0}
{"ts":"2026-05-21T05:47:39.969Z","name":"fds","class":"fds","runCount":0}
{"ts":"2026-05-21T05:47:40.262Z","name":"fds","class":"fds","runCount":0}
{"ts":"2026-05-21T05:47:40.442Z","name":"fds","class":"fds","runCount":0}
{"ts":"2026-05-21T05:54:35.068Z","name":"fds","class":"fds","runCount":1}
{"ts":"2026-05-21T05:55:09.066Z","name":"fds","class":"fds","runCount":1}
{"ts":"2026-05-21T06:01:45.797Z","name":"fds","class":"fds","runCount":2}
{"ts":"2026-05-21T06:05:34.084Z","name":"fds","class":"fds","runCount":1}
{"ts":"2026-05-21T06:05:43.151Z","name":"fds","class":"fds","runCount":1}
{"ts":"2026-05-21T06:06:11.778Z","name":"fds","class":"fds","runCount":0}
{"ts":"2026-05-21T06:06:49.033Z","name":"fds","class":"fds","runCount":1}
{"ts":"2026-05-21T06:06:50.800Z","name":"fds","class":"fds","runCount":0}
{"ts":"2026-05-21T06:07:34.090Z","name":"fds","class":"fds","runCount":0}
{"ts":"2026-05-21T06:07:34.302Z","name":"fds","class":"fds","runCount":0}
{"ts":"2026-05-21T06:07:34.411Z","name":"fds","class":"fds","runCount":0}
{"ts":"2026-05-21T06:07:34.592Z","name":"fds","class":"fds","runCount":0}
{"ts":"2026-05-21T06:07:34.774Z","name":"fds","class":"fds","runCount":0}
{"ts":"2026-05-21T06:07:34.885Z","name":"fds","class":"fds","runCount":0}
{"ts":"2026-05-21T06:07:35.077Z","name":"fds","class":"fds","runCount":0}
{"ts":"2026-05-21T06:07:35.184Z","name":"fds","class":"fds","runCount":0}
{"ts":"2026-05-21T06:07:35.370Z","name":"fds","class":"fds","runCount":0}
{"ts":"2026-05-21T06:07:50.232Z","name":"fds","class":"fds","runCount":1}
{"ts":"2026-05-21T06:49:32.882Z","name":"claes","class":"4","runCount":0}
{"ts":"2026-05-21T06:55:07.597Z","name":"Askari","class":"4DA","runCount":0}
{"ts":"2026-05-21T06:55:35.743Z","name":"ali","class":"4D","runCount":0}
{"ts":"2026-05-21T07:00:13.506Z","name":"Jay","class":"4","runCount":0}
{"ts":"2026-05-21T07:00:49.609Z","name":"Jay","class":"4","runCount":1}
{"ts":"2026-05-21T07:01:17.945Z","name":"Askari","class":"4DA","runCount":5}
{"ts":"2026-05-21T07:01:27.414Z","name":"Jay","class":"4","runCount":0}
{"ts":"2026-05-21T07:02:03.928Z","name":"Jay","class":"4","runCount":1}
{"ts":"2026-05-21T07:20:24.855Z","name":"ali","class":"4D","runCount":0}
{"ts":"2026-05-21T07:20:33.698Z","name":"Askari","class":"4DA","runCount":3}
{"ts":"2026-05-21T07:21:44.361Z","name":"claes","class":"4","runCount":0}
{"ts":"2026-05-21T07:25:42.947Z","name":"yusud","class":"3bw","runCount":0}
{"ts":"2026-05-21T07:25:43.497Z","name":"braina","class":"3DB","runCount":0}
{"ts":"2026-05-21T07:25:44.103Z","name":"emanoela","class":"3DB","runCount":0}
{"ts":"2026-05-21T07:25:58.330Z","name":"abdel","class":"3da","runCount":0}
{"ts":"2026-05-21T07:26:10.900Z","name":"Mohamed","class":"3DB","runCount":0}
{"ts":"2026-05-21T07:26:18.400Z","name":"kawtar","class":"3Da","runCount":0}
{"ts":"2026-05-21T07:27:03.654Z","name":"Malik","class":"3DB","runCount":0}
{"ts":"2026-05-21T07:36:00.305Z","name":"yusud","class":"3bw","runCount":16}
{"ts":"2026-05-21T07:43:07.433Z","name":"yusud","class":"3bw","runCount":8}
{"ts":"2026-05-21T08:06:43.494Z","name":"yusud","class":"3bw","runCount":20}
{"ts":"2026-05-21T08:10:01.648Z","name":"kawtar","class":"3Da","runCount":1}
{"ts":"2026-05-21T08:10:01.722Z","name":"abdel","class":"3da","runCount":1}
{"ts":"2026-05-21T08:10:01.772Z","name":"emanoela","class":"3DB","runCount":0}
{"ts":"2026-05-21T08:10:01.814Z","name":"braina","class":"3DB","runCount":0}
{"ts":"2026-05-21T08:10:02.291Z","name":"Mohamed","class":"3DB","runCount":19}
{"ts":"2026-05-21T08:10:18.400Z","name":"Malik","class":"3DB","runCount":0}
{"ts":"2026-05-21T08:11:04.044Z","name":"yusud","class":"3bw","runCount":1}
{"ts":"2026-05-21T08:48:58.654Z","name":"fds","class":"fds","runCount":1}
{"ts":"2026-05-21T09:38:19.520Z","name":"Ibrahim","class":"6BW","runCount":0}
{"ts":"2026-05-21T09:38:42.725Z","name":"Brahim","class":"6BW","runCount":0}
{"ts":"2026-05-21T09:38:54.504Z","name":"Ali","class":"6BW","runCount":0}
{"ts":"2026-05-21T09:39:20.583Z","name":"Hamza","class":"6BW","runCount":0}
{"ts":"2026-05-21T09:39:42.499Z","name":"Arwa","class":"6BW","runCount":0}
{"ts":"2026-05-21T09:43:16.901Z","name":"Hamza","class":"6BW","runCount":2}
{"ts":"2026-05-21T09:52:02.495Z","name":"Ali","class":"6BW","runCount":6}
{"ts":"2026-05-21T09:54:33.927Z","name":"Ibrahim","class":"6BW","runCount":22}
{"ts":"2026-05-21T10:05:03.490Z","name":"Arwa","class":"6BW","runCount":5}
{"ts":"2026-05-21T10:05:11.133Z","name":"Hamza","class":"6BW","runCount":7}
{"ts":"2026-05-21T10:05:26.537Z","name":"Brahim","class":"6BW","runCount":22}
{"ts":"2026-05-21T10:07:28.495Z","name":"Ibrahim","class":"6BW","runCount":0}
{"ts":"2026-05-21T10:26:09.422Z","name":"test","class":"test","runCount":0}
{"ts":"2026-05-21T10:39:55.063Z","name":"test","class":"test","runCount":13}
{"ts":"2026-05-21T11:51:03.559Z","name":"abdel","class":"3da","runCount":0}
{"ts":"2026-05-21T20:35:20.472Z","name":"test","class":"5","runCount":0}
{"ts":"2026-05-21T20:38:59.287Z","name":"test","class":"5","runCount":2}
{"ts":"2026-05-21T20:42:14.583Z","name":"test","class":"5","runCount":1}
{"ts":"2026-05-21T20:47:33.851Z","name":"test","class":"5","runCount":1}
{"ts":"2026-05-21T20:48:33.030Z","name":"test","class":"5","runCount":1}
{"ts":"2026-05-21T20:48:34.548Z","name":"test","class":"5","runCount":0}
{"ts":"2026-05-21T20:48:37.658Z","name":"test","class":"5","runCount":0}
{"ts":"2026-05-21T20:49:18.120Z","name":"test","class":"5","runCount":0}
{"ts":"2026-05-21T20:49:18.341Z","name":"test","class":"5","runCount":0}
{"ts":"2026-05-21T20:49:18.558Z","name":"test","class":"5","runCount":0}
{"ts":"2026-05-21T20:49:18.667Z","name":"test","class":"5","runCount":0}
{"ts":"2026-05-21T21:03:40.178Z","name":"test","class":"5","runCount":1}
{"ts":"2026-05-21T21:15:54.637Z","name":"test","class":"5","runCount":1}
{"ts":"2026-05-21T21:43:46.726Z","name":"test","class":"5","runCount":0}
{"ts":"2026-05-21T21:46:39.832Z","name":"test","class":"5","runCount":1}
{"ts":"2026-05-21T21:46:46.361Z","name":"test","class":"5","runCount":0}
{"ts":"2026-05-21T21:47:31.421Z","name":"test","class":"5","runCount":0}
{"ts":"2026-05-21T21:47:31.594Z","name":"test","class":"5","runCount":0}
{"ts":"2026-05-21T21:47:31.788Z","name":"test","class":"5","runCount":0}
{"ts":"2026-05-21T21:47:31.900Z","name":"test","class":"5","runCount":0}
{"ts":"2026-05-21T21:47:32.212Z","name":"test","class":"5","runCount":0}
{"ts":"2026-05-21T21:47:32.542Z","name":"test","class":"5","runCount":0}
{"ts":"2026-05-21T21:47:45.315Z","name":"test","class":"5","runCount":1}
{"ts":"2026-05-21T21:56:05.506Z","name":"test","class":"5","runCount":1}
